Multiple
input_plus_Post_Files\input_plus_0.01.post.bin
input_plus_Post_Files\input_plus_0.02.post.bin
input_plus_Post_Files\input_plus_0.03.post.bin
input_plus_Post_Files\input_plus_0.04.post.bin
input_plus_Post_Files\input_plus_0.05.post.bin
input_plus_Post_Files\input_plus_0.06.post.bin
input_plus_Post_Files\input_plus_0.07.post.bin
input_plus_Post_Files\input_plus_0.0800000000001.post.bin
input_plus_Post_Files\input_plus_0.0900000000001.post.bin
input_plus_Post_Files\input_plus_0.1.post.bin
input_plus_Post_Files\input_plus_0.11.post.bin
input_plus_Post_Files\input_plus_0.12.post.bin
input_plus_Post_Files\input_plus_0.13.post.bin
input_plus_Post_Files\input_plus_0.14.post.bin
input_plus_Post_Files\input_plus_0.15.post.bin
input_plus_Post_Files\input_plus_0.16.post.bin
input_plus_Post_Files\input_plus_0.17.post.bin
input_plus_Post_Files\input_plus_0.18.post.bin
input_plus_Post_Files\input_plus_0.19.post.bin
input_plus_Post_Files\input_plus_0.2.post.bin
input_plus_Post_Files\input_plus_0.21.post.bin
input_plus_Post_Files\input_plus_0.22.post.bin
input_plus_Post_Files\input_plus_0.23.post.bin
input_plus_Post_Files\input_plus_0.24.post.bin
input_plus_Post_Files\input_plus_0.25.post.bin
input_plus_Post_Files\input_plus_0.26.post.bin
input_plus_Post_Files\input_plus_0.27.post.bin
input_plus_Post_Files\input_plus_0.279999999999.post.bin
input_plus_Post_Files\input_plus_0.289999999999.post.bin
input_plus_Post_Files\input_plus_0.299999999999.post.bin
input_plus_Post_Files\input_plus_0.309999999999.post.bin
input_plus_Post_Files\input_plus_0.319999999998.post.bin
input_plus_Post_Files\input_plus_0.329999999998.post.bin
input_plus_Post_Files\input_plus_0.339999999998.post.bin
input_plus_Post_Files\input_plus_0.349999999998.post.bin
input_plus_Post_Files\input_plus_0.359999999997.post.bin
input_plus_Post_Files\input_plus_0.369999999997.post.bin
input_plus_Post_Files\input_plus_0.379999999997.post.bin
input_plus_Post_Files\input_plus_0.389999999996.post.bin
input_plus_Post_Files\input_plus_0.399999999996.post.bin
input_plus_Post_Files\input_plus_0.409999999996.post.bin
input_plus_Post_Files\input_plus_0.419999999996.post.bin
input_plus_Post_Files\input_plus_0.429999999995.post.bin
input_plus_Post_Files\input_plus_0.439999999995.post.bin
input_plus_Post_Files\input_plus_0.449999999995.post.bin
input_plus_Post_Files\input_plus_0.459999999995.post.bin
input_plus_Post_Files\input_plus_0.469999999994.post.bin
input_plus_Post_Files\input_plus_0.479999999994.post.bin
input_plus_Post_Files\input_plus_0.489999999994.post.bin
input_plus_Post_Files\input_plus_0.499999999994.post.bin
input_plus_Post_Files\input_plus_0.509999999994.post.bin
input_plus_Post_Files\input_plus_0.519999999994.post.bin
input_plus_Post_Files\input_plus_0.529999999994.post.bin
input_plus_Post_Files\input_plus_0.539999999995.post.bin
input_plus_Post_Files\input_plus_0.549999999995.post.bin
input_plus_Post_Files\input_plus_0.559999999995.post.bin
input_plus_Post_Files\input_plus_0.569999999996.post.bin
input_plus_Post_Files\input_plus_0.579999999996.post.bin
input_plus_Post_Files\input_plus_0.589999999996.post.bin
input_plus_Post_Files\input_plus_0.599999999996.post.bin
input_plus_Post_Files\input_plus_0.609999999997.post.bin
input_plus_Post_Files\input_plus_0.619999999997.post.bin
input_plus_Post_Files\input_plus_0.629999999997.post.bin
input_plus_Post_Files\input_plus_0.639999999998.post.bin
input_plus_Post_Files\input_plus_0.649999999998.post.bin
input_plus_Post_Files\input_plus_0.659999999998.post.bin
input_plus_Post_Files\input_plus_0.669999999998.post.bin
input_plus_Post_Files\input_plus_0.679999999999.post.bin
input_plus_Post_Files\input_plus_0.689999999999.post.bin
input_plus_Post_Files\input_plus_0.699999999999.post.bin
input_plus_Post_Files\input_plus_0.71.post.bin
input_plus_Post_Files\input_plus_0.72.post.bin
input_plus_Post_Files\input_plus_0.73.post.bin
input_plus_Post_Files\input_plus_0.74.post.bin
input_plus_Post_Files\input_plus_0.750000000001.post.bin
input_plus_Post_Files\input_plus_0.760000000001.post.bin
input_plus_Post_Files\input_plus_0.770000000001.post.bin
input_plus_Post_Files\input_plus_0.780000000002.post.bin
input_plus_Post_Files\input_plus_0.790000000002.post.bin
input_plus_Post_Files\input_plus_0.800000000002.post.bin
input_plus_Post_Files\input_plus_0.810000000002.post.bin
input_plus_Post_Files\input_plus_0.820000000003.post.bin
input_plus_Post_Files\input_plus_0.830000000003.post.bin
input_plus_Post_Files\input_plus_0.840000000003.post.bin
input_plus_Post_Files\input_plus_0.850000000004.post.bin
input_plus_Post_Files\input_plus_0.860000000004.post.bin
input_plus_Post_Files\input_plus_0.870000000004.post.bin
input_plus_Post_Files\input_plus_0.880000000004.post.bin
input_plus_Post_Files\input_plus_0.890000000005.post.bin
input_plus_Post_Files\input_plus_0.900000000005.post.bin
input_plus_Post_Files\input_plus_0.910000000005.post.bin
input_plus_Post_Files\input_plus_0.920000000006.post.bin
input_plus_Post_Files\input_plus_0.930000000006.post.bin
input_plus_Post_Files\input_plus_0.940000000006.post.bin
input_plus_Post_Files\input_plus_0.950000000006.post.bin
input_plus_Post_Files\input_plus_0.960000000007.post.bin
input_plus_Post_Files\input_plus_0.970000000007.post.bin
input_plus_Post_Files\input_plus_0.980000000007.post.bin
input_plus_Post_Files\input_plus_0.990000000008.post.bin
input_plus_Post_Files\input_plus_1.00000000001.post.bin
input_plus_Post_Files\input_plus_1.01000000001.post.bin
input_plus_Post_Files\input_plus_1.02000000001.post.bin
input_plus_Post_Files\input_plus_1.03000000001.post.bin
input_plus_Post_Files\input_plus_1.04.post.bin
input_plus_Post_Files\input_plus_1.05.post.bin
input_plus_Post_Files\input_plus_1.06.post.bin
input_plus_Post_Files\input_plus_1.07.post.bin
input_plus_Post_Files\input_plus_1.08.post.bin
input_plus_Post_Files\input_plus_1.09.post.bin
input_plus_Post_Files\input_plus_1.1.post.bin
